
> opengmao@0.1.0 build
> next build

   Ôû▓ Next.js 16.0.7 (Turbopack)
   - Environments: .env.local

node.exe :  ÔÜá The "middleware" file 
convention is deprecated. Please use 
"proxy" instead. Learn more: https://next
js.org/docs/messages/middleware-to-proxy
Au caractère C:\Program 
Files\nodejs\npm.ps1:29 : 3
+   & $NODE_EXE $NPM_CLI_JS $args
+   ~~~~~~~~~~~~~~~~~~~~~~~~~~~~~
    + CategoryInfo          : NotSpecifi 
   ed: ( ÔÜá The "middl...leware-to-pro  
  xy:String) [], RemoteException
    + FullyQualifiedErrorId : NativeComm 
   andError
 
   Creating an optimized production build ...

> Build error occurred
Error: Turbopack build failed with 5 
errors:
./app/(auth)/login/page.tsx:5:1
Module not found: Can't resolve 
'@/components/ui/button'
[0m [90m 3 |[39m [36mimport[39m { 
useActionState } [36mfrom[39m 
[32m'react'[39m
 [90m 4 |[39m [36mimport[39m { login 
} [36mfrom[39m [32m'./actions'[39m
[31m[1m>[22m[39m[90m 5 |[39m 
[36mimport[39m { [33mButton[39m } 
[36mfrom[39m 
[32m'@/components/ui/button'[39m
 [90m   |[39m [31m[1m^[22m[39m[31m
[1m^[22m[39m[31m[1m^[22m[39m[31m
[1m^[22m[39m[31m[1m^[22m[39m[31m[
1m^[22m[39m[31m[1m^[22m[39m[31m[1
m^[22m[39m[31m[1m^[22m[39m[31m[1m
^[22m[39m[31m[1m^[22m[39m[31m[1m^
[22m[39m[31m[1m^[22m[39m[31m[1m^
[22m[39m[31m[1m^[22m[39m[31m[1m^[
22m[39m[31m[1m^[22m[39m[31m[1m^[2
2m[39m[31m[1m^[22m[39m[31m[1m^[22
m[39m[31m[1m^[22m[39m[31m[1m^[22m
[39m[31m[1m^[22m[39m[31m[1m^[22m
[39m[31m[1m^[22m[39m[31m[1m^[22m[
39m[31m[1m^[22m[39m[31m[1m^[22m[3
9m[31m[1m^[22m[39m[31m[1m^[22m[39
m[31m[1m^[22m[39m[31m[1m^[22m[39m
[31m[1m^[22m[39m[31m[1m^[22m[39m
[31m[1m^[22m[39m[31m[1m^[22m[39m[
31m[1m^[22m[39m[31m[1m^[22m[39m[3
1m[1m^[22m[39m[31m[1m^[22m[39m[31
m[1m^[22m[39m[31m[1m^[22m[39m[31m
[1m^[22m[39m[31m[1m^[22m[39m[31m
[1m^[22m[39m[31m[1m^[22m[39m[31m[
1m^[22m[39m
 [90m 6 |[39m [36mimport[39m { 
[33mInput[39m } [36mfrom[39m 
[32m'@/components/ui/input'[39m
 [90m 7 |[39m [36mimport[39m { 
[33mLabel[39m } [36mfrom[39m 
[32m'@/components/ui/label'[39m
 [90m 8 |[39m [36mimport[39m { 
[33mCard[39m[33m,[39m 
[33mCardContent[39m[33m,[39m 
[33mCardDescription[39m[33m,[39m 
[33mCardFooter[39m[33m,[39m 
[33mCardHeader[39m[33m,[39m 
[33mCardTitle[39m } [36mfrom[39m 
[32m'@/components/ui/card'[39m[0m

Import map: aliased to relative 
'./components/ui/button' inside of 
[project]/


Import traces:
  Client Component Browser:
    ./app/(auth)/login/page.tsx [Client 
Component Browser]
    ./app/(auth)/login/page.tsx [Server 
Component]

  Client Component SSR:
    ./app/(auth)/login/page.tsx [Client 
Component SSR]
    ./app/(auth)/login/page.tsx [Server 
Component]

https://nextjs.org/docs/messages/module-n
ot-found


./app/(auth)/login/page.tsx:8:1
Module not found: Can't resolve 
'@/components/ui/card'
[0m [90m  6 |[39m [36mimport[39m { 
[33mInput[39m } [36mfrom[39m 
[32m'@/components/ui/input'[39m
 [90m  7 |[39m [36mimport[39m { 
[33mLabel[39m } [36mfrom[39m 
[32m'@/components/ui/label'[39m
[31m[1m>[22m[39m[90m  8 |[39m 
[36mimport[39m { 
[33mCard[39m[33m,[39m 
[33mCardContent[39m[33m,[39m 
[33mCardDescription[39m[33m,[39m 
[33mCardFooter[39m[33m,[39m 
[33mCardHeader[39m[33m,[39m 
[33mCardTitle[39m } [36mfrom[39m 
[32m'@/components/ui/card'[39m
 [90m    |[39m [31m[1m^[22m[39m[31
m[1m^[22m[39m[31m[1m^[22m[39m[31m
[1m^[22m[39m[31m[1m^[22m[39m[31m
[1m^[22m[39m[31m[1m^[22m[39m[31m[
1m^[22m[39m[31m[1m^[22m[39m[31m[1
m^[22m[39m[31m[1m^[22m[39m[31m[1m
^[22m[39m[31m[1m^[22m[39m[31m[1m^
[22m[39m[31m[1m^[22m[39m[31m[1m^
[22m[39m[31m[1m^[22m[39m[31m[1m^[
22m[39m[31m[1m^[22m[39m[31m[1m^[2
2m[39m[31m[1m^[22m[39m[31m[1m^[22
m[39m[31m[1m^[22m[39m[31m[1m^[22m
[39m[31m[1m^[22m[39m[31m[1m^[22m
[39m[31m[1m^[22m[39m[31m[1m^[22m[
39m[31m[1m^[22m[39m[31m[1m^[22m[3
9m[31m[1m^[22m[39m[31m[1m^[22m[39
m[31m[1m^[22m[39m[31m[1m^[22m[39m
[31m[1m^[22m[39m[31m[1m^[22m[39m
[31m[1m^[22m[39m[31m[1m^[22m[39m[
31m[1m^[22m[39m[31m[1m^[22m[39m[3
1m[1m^[22m[39m[31m[1m^[22m[39m[31
m[1m^[22m[39m[31m[1m^[22m[39m[31m
[1m^[22m[39m[31m[1m^[22m[39m[31m
[1m^[22m[39m[31m[1m^[22m[39m[31m[
1m^[22m[39m[31m[1m^[22m[39m[31m[1
m^[22m[39m[31m[1m^[22m[39m[31m[1m
^[22m[39m[31m[1m^[22m[39m[31m[1m^
[22m[39m[31m[1m^[22m[39m[31m[1m^
[22m[39m[31m[1m^[22m[39m[31m[1m^[
22m[39m[31m[1m^[22m[39m[31m[1m^[2
2m[39m[31m[1m^[22m[39m[31m[1m^[22
m[39m[31m[1m^[22m[39m[31m[1m^[22m
[39m[31m[1m^[22m[39m[31m[1m^[22m
[39m[31m[1m^[22m[39m[31m[1m^[22m[
39m[31m[1m^[22m[39m[31m[1m^[22m[3
9m[31m[1m^[22m[39m[31m[1m^[22m[39
m[31m[1m^[22m[39m[31m[1m^[22m[39m
[31m[1m^[22m[39m[31m[1m^[22m[39m
[31m[1m^[22m[39m[31m[1m^[22m[39m[
31m[1m^[22m[39m[31m[1m^[22m[39m[3
1m[1m^[22m[39m[31m[1m^[22m[39m[31
m[1m^[22m[39m[31m[1m^[22m[39m[31m
[1m^[22m[39m[31m[1m^[22m[39m[31m
[1m^[22m[39m[31m[1m^[22m[39m[31m[
1m^[22m[39m[31m[1m^[22m[39m[31m[1
m^[22m[39m[31m[1m^[22m[39m[31m[1m
^[22m[39m[31m[1m^[22m[39m[31m[1m^
[22m[39m[31m[1m^[22m[39m[31m[1m^
[22m[39m[31m[1m^[22m[39m[31m[1m^[
22m[39m[31m[1m^[22m[39m[31m[1m^[2
2m[39m[31m[1m^[22m[39m[31m[1m^[22
m[39m[31m[1m^[22m[39m[31m[1m^[22m
[39m[31m[1m^[22m[39m[31m[1m^[22m
[39m
 [90m  9 |[39m [36mimport[39m { 
[33mLock[39m[33m,[39m 
[33mMail[39m[33m,[39m 
[33mLoader2[39m } [36mfrom[39m 
[32m'lucide-react'[39m
 [90m 10 |[39m [36mimport[39m { 
useToast } [36mfrom[39m 
[32m'@/hooks/use-toast'[39m
 [90m 11 |[39m [36mimport[39m { 
useEffect } [36mfrom[39m 
[32m'react'[39m[0m

Import map: aliased to relative 
'./components/ui/card' inside of 
[project]/


Import traces:
  Client Component Browser:
    ./app/(auth)/login/page.tsx [Client 
Component Browser]
    ./app/(auth)/login/page.tsx [Server 
Component]

  Client Component SSR:
    ./app/(auth)/login/page.tsx [Client 
Component SSR]
    ./app/(auth)/login/page.tsx [Server 
Component]

https://nextjs.org/docs/messages/module-n
ot-found


./app/(auth)/login/page.tsx:6:1
Module not found: Can't resolve 
'@/components/ui/input'
[0m [90m 4 |[39m [36mimport[39m { 
login } [36mfrom[39m 
[32m'./actions'[39m
 [90m 5 |[39m [36mimport[39m { 
[33mButton[39m } [36mfrom[39m 
[32m'@/components/ui/button'[39m
[31m[1m>[22m[39m[90m 6 |[39m 
[36mimport[39m { [33mInput[39m } 
[36mfrom[39m 
[32m'@/components/ui/input'[39m
 [90m   |[39m [31m[1m^[22m[39m[31m
[1m^[22m[39m[31m[1m^[22m[39m[31m
[1m^[22m[39m[31m[1m^[22m[39m[31m[
1m^[22m[39m[31m[1m^[22m[39m[31m[1
m^[22m[39m[31m[1m^[22m[39m[31m[1m
^[22m[39m[31m[1m^[22m[39m[31m[1m^
[22m[39m[31m[1m^[22m[39m[31m[1m^
[22m[39m[31m[1m^[22m[39m[31m[1m^[
22m[39m[31m[1m^[22m[39m[31m[1m^[2
2m[39m[31m[1m^[22m[39m[31m[1m^[22
m[39m[31m[1m^[22m[39m[31m[1m^[22m
[39m[31m[1m^[22m[39m[31m[1m^[22m
[39m[31m[1m^[22m[39m[31m[1m^[22m[
39m[31m[1m^[22m[39m[31m[1m^[22m[3
9m[31m[1m^[22m[39m[31m[1m^[22m[39
m[31m[1m^[22m[39m[31m[1m^[22m[39m
[31m[1m^[22m[39m[31m[1m^[22m[39m
[31m[1m^[22m[39m[31m[1m^[22m[39m[
31m[1m^[22m[39m[31m[1m^[22m[39m[3
1m[1m^[22m[39m[31m[1m^[22m[39m[31
m[1m^[22m[39m[31m[1m^[22m[39m[31m
[1m^[22m[39m[31m[1m^[22m[39m[31m
[1m^[22m[39m
 [90m 7 |[39m [36mimport[39m { 
[33mLabel[39m } [36mfrom[39m 
[32m'@/components/ui/label'[39m
 [90m 8 |[39m [36mimport[39m { 
[33mCard[39m[33m,[39m 
[33mCardContent[39m[33m,[39m 
[33mCardDescription[39m[33m,[39m 
[33mCardFooter[39m[33m,[39m 
[33mCardHeader[39m[33m,[39m 
[33mCardTitle[39m } [36mfrom[39m 
[32m'@/components/ui/card'[39m
 [90m 9 |[39m [36mimport[39m { 
[33mLock[39m[33m,[39m 
[33mMail[39m[33m,[39m 
[33mLoader2[39m } [36mfrom[39m 
[32m'lucide-react'[39m[0m

Import map: aliased to relative 
'./components/ui/input' inside of 
[project]/


Import traces:
  Client Component Browser:
    ./app/(auth)/login/page.tsx [Client 
Component Browser]
    ./app/(auth)/login/page.tsx [Server 
Component]

  Client Component SSR:
    ./app/(auth)/login/page.tsx [Client 
Component SSR]
    ./app/(auth)/login/page.tsx [Server 
Component]

https://nextjs.org/docs/messages/module-n
ot-found


./app/(auth)/login/page.tsx:7:1
Module not found: Can't resolve 
'@/components/ui/label'
[0m [90m  5 |[39m [36mimport[39m { 
[33mButton[39m } [36mfrom[39m 
[32m'@/components/ui/button'[39m
 [90m  6 |[39m [36mimport[39m { 
[33mInput[39m } [36mfrom[39m 
[32m'@/components/ui/input'[39m
[31m[1m>[22m[39m[90m  7 |[39m 
[36mimport[39m { [33mLabel[39m } 
[36mfrom[39m 
[32m'@/components/ui/label'[39m
 [90m    |[39m [31m[1m^[22m[39m[31
m[1m^[22m[39m[31m[1m^[22m[39m[31m
[1m^[22m[39m[31m[1m^[22m[39m[31m
[1m^[22m[39m[31m[1m^[22m[39m[31m[
1m^[22m[39m[31m[1m^[22m[39m[31m[1
m^[22m[39m[31m[1m^[22m[39m[31m[1m
^[22m[39m[31m[1m^[22m[39m[31m[1m^
[22m[39m[31m[1m^[22m[39m[31m[1m^
[22m[39m[31m[1m^[22m[39m[31m[1m^[
22m[39m[31m[1m^[22m[39m[31m[1m^[2
2m[39m[31m[1m^[22m[39m[31m[1m^[22
m[39m[31m[1m^[22m[39m[31m[1m^[22m
[39m[31m[1m^[22m[39m[31m[1m^[22m
[39m[31m[1m^[22m[39m[31m[1m^[22m[
39m[31m[1m^[22m[39m[31m[1m^[22m[3
9m[31m[1m^[22m[39m[31m[1m^[22m[39
m[31m[1m^[22m[39m[31m[1m^[22m[39m
[31m[1m^[22m[39m[31m[1m^[22m[39m
[31m[1m^[22m[39m[31m[1m^[22m[39m[
31m[1m^[22m[39m[31m[1m^[22m[39m[3
1m[1m^[22m[39m[31m[1m^[22m[39m[31
m[1m^[22m[39m[31m[1m^[22m[39m[31m
[1m^[22m[39m
 [90m  8 |[39m [36mimport[39m { 
[33mCard[39m[33m,[39m 
[33mCardContent[39m[33m,[39m 
[33mCardDescription[39m[33m,[39m 
[33mCardFooter[39m[33m,[39m 
[33mCardHeader[39m[33m,[39m 
[33mCardTitle[39m } [36mfrom[39m 
[32m'@/components/ui/card'[39m
 [90m  9 |[39m [36mimport[39m { 
[33mLock[39m[33m,[39m 
[33mMail[39m[33m,[39m 
[33mLoader2[39m } [36mfrom[39m 
[32m'lucide-react'[39m
 [90m 10 |[39m [36mimport[39m { 
useToast } [36mfrom[39m 
[32m'@/hooks/use-toast'[39m[0m

Import map: aliased to relative 
'./components/ui/label' inside of 
[project]/


Import traces:
  Client Component Browser:
    ./app/(auth)/login/page.tsx [Client 
Component Browser]
    ./app/(auth)/login/page.tsx [Server 
Component]

  Client Component SSR:
    ./app/(auth)/login/page.tsx [Client 
Component SSR]
    ./app/(auth)/login/page.tsx [Server 
Component]

https://nextjs.org/docs/messages/module-n
ot-found


./app/(auth)/login/page.tsx:10:1
Module not found: Can't resolve 
'@/hooks/use-toast'
[0m [90m  8 |[39m [36mimport[39m { 
[33mCard[39m[33m,[39m 
[33mCardContent[39m[33m,[39m 
[33mCardDescription[39m[33m,[39m 
[33mCardFooter[39m[33m,[39m 
[33mCardHeader[39m[33m,[39m 
[33mCardTitle[39m } [36mfrom[39m 
[32m'@/components/ui/card'[39m
 [90m  9 |[39m [36mimport[39m { 
[33mLock[39m[33m,[39m 
[33mMail[39m[33m,[39m 
[33mLoader2[39m } [36mfrom[39m 
[32m'lucide-react'[39m
[31m[1m>[22m[39m[90m 10 |[39m 
[36mimport[39m { useToast } 
[36mfrom[39m 
[32m'@/hooks/use-toast'[39m
 [90m    |[39m [31m[1m^[22m[39m[31
m[1m^[22m[39m[31m[1m^[22m[39m[31m
[1m^[22m[39m[31m[1m^[22m[39m[31m
[1m^[22m[39m[31m[1m^[22m[39m[31m[
1m^[22m[39m[31m[1m^[22m[39m[31m[1
m^[22m[39m[31m[1m^[22m[39m[31m[1m
^[22m[39m[31m[1m^[22m[39m[31m[1m^
[22m[39m[31m[1m^[22m[39m[31m[1m^
[22m[39m[31m[1m^[22m[39m[31m[1m^[
22m[39m[31m[1m^[22m[39m[31m[1m^[2
2m[39m[31m[1m^[22m[39m[31m[1m^[22
m[39m[31m[1m^[22m[39m[31m[1m^[22m
[39m[31m[1m^[22m[39m[31m[1m^[22m
[39m[31m[1m^[22m[39m[31m[1m^[22m[
39m[31m[1m^[22m[39m[31m[1m^[22m[3
9m[31m[1m^[22m[39m[31m[1m^[22m[39
m[31m[1m^[22m[39m[31m[1m^[22m[39m
[31m[1m^[22m[39m[31m[1m^[22m[39m
[31m[1m^[22m[39m[31m[1m^[22m[39m[
31m[1m^[22m[39m[31m[1m^[22m[39m[3
1m[1m^[22m[39m[31m[1m^[22m[39m[31
m[1m^[22m[39m[31m[1m^[22m[39m
 [90m 11 |[39m [36mimport[39m { 
useEffect } [36mfrom[39m 
[32m'react'[39m
 [90m 12 |[39m
 [90m 13 |[39m [36mconst[39m 
initialState [33m=[39m {[0m

Import map: aliased to relative 
'./hooks/use-toast' inside of [project]/


Import traces:
  Client Component Browser:
    ./app/(auth)/login/page.tsx [Client 
Component Browser]
    ./app/(auth)/login/page.tsx [Server 
Component]

  Client Component SSR:
    ./app/(auth)/login/page.tsx [Client 
Component SSR]
    ./app/(auth)/login/page.tsx [Server 
Component]

https://nextjs.org/docs/messages/module-n
ot-found


    at <unknown> 
(./app/(auth)/login/page.tsx:5:1)
    at <unknown> (https://nextjs.org/docs
/messages/module-not-found)
    at <unknown> 
(./app/(auth)/login/page.tsx:8:1)
    at <unknown> (https://nextjs.org/docs
/messages/module-not-found)
    at <unknown> 
(./app/(auth)/login/page.tsx:6:1)
    at <unknown> (https://nextjs.org/docs
/messages/module-not-found)
    at <unknown> 
(./app/(auth)/login/page.tsx:7:1)
    at <unknown> (https://nextjs.org/docs
/messages/module-not-found)
    at <unknown> 
(./app/(auth)/login/page.tsx:10:1)
    at <unknown> (https://nextjs.org/docs
/messages/module-not-found)
